******************************************************************************
                  TI ARM Linker Unix v18.12.2                  
******************************************************************************
>> Linked Sat Nov 30 19:25:41 2019

OUTPUT FILE NAME:   <aProjector.out>
ENTRY POINT SYMBOL: "_c_int00_noargs"  address: 00002281


MEMORY CONFIGURATION

         name            origin    length      used     unused   attr    fill
----------------------  --------  ---------  --------  --------  ----  --------
  MAIN                  00000000   00040000  00002424  0003dbdc  R  X
  INFO                  00200000   00004000  00000000  00004000  R  X
  SRAM_CODE             01000000   00010000  00000219  0000fde7  RW X
  SRAM_DATA             20000000   00010000  00000219  0000fde7  RW  


SEGMENT ALLOCATION MAP

run origin  load origin   length   init length attrs members
----------  ----------- ---------- ----------- ----- -------
00000000    00000000    00002428   00002428    r-x
  00000000    00000000    000000e4   000000e4    r-- .intvecs
  000000e4    000000e4    00002298   00002298    r-x .text
  00002380    00002380    00000078   00000078    r-- .const
  000023f8    000023f8    00000030   00000030    r-- .cinit
20000000    20000000    0000001c   00000000    rw-
  20000000    20000000    00000011   00000000    rw- .bss
  20000014    20000014    00000008   00000000    rw- .data
2000fe00    2000fe00    00000200   00000000    rw-
  2000fe00    2000fe00    00000200   00000000    rw- .stack


SECTION ALLOCATION MAP

 output                                  attributes/
section   page    origin      length       input sections
--------  ----  ----------  ----------   ----------------
.intvecs   0    00000000    000000e4     
                  00000000    000000e4     startup_msp432p401r_ccs.obj (.intvecs:retain)

.text      0    000000e4    00002298     
                  000000e4    000009c0     rtsv7M4_T_le_v4SPD16_eabi.lib : e_pow.c.obj (.text:pow)
                  00000aa4    000004ac     UltraSonicSensor.obj (.text)
                  00000f50    00000334     system_msp432p401r.obj (.text)
                  00001284    00000314     delay.obj (.text)
                  00001598    000001b6     rtsv7M4_T_le_v4SPD16_eabi.lib : fd_add_t2.asm.obj (.text)
                  0000174e    00000002     --HOLE-- [fill = 0]
                  00001750    00000194     main.obj (.text)
                  000018e4    00000158     rtsv7M4_T_le_v4SPD16_eabi.lib : e_sqrt.c.obj (.text:sqrt)
                  00001a3c    00000136                                   : fd_div_t2.asm.obj (.text)
                  00001b72    00000002     --HOLE-- [fill = 0]
                  00001b74    00000110                                   : s_scalbn.c.obj (.text:scalbn)
                  00001c84    0000010c     Stepper.obj (.text)
                  00001d90    000000fc     rtsv7M4_T_le_v4SPD16_eabi.lib : fd_mul_t2.asm.obj (.text)
                  00001e8c    000000b0     bluetooth.obj (.text)
                  00001f3c    0000009c     rtsv7M4_T_le_v4SPD16_eabi.lib : memcpy_t2.asm.obj (.text)
                  00001fd8    00000086                                   : fd_cmp_t2.asm.obj (.text:__aeabi_cdcmple)
                  0000205e    00000086                                   : fd_cmp_t2.asm.obj (.text:__aeabi_cdrcmple)
                  000020e4    0000006e                                   : fd_tos_t2.asm.obj (.text)
                  00002152    00000068                                   : copy_decompress_lzss.c.obj (.text:decompress:lzss:__TI_decompress_lzss)
                  000021ba    00000048                                   : fd_toi_t2.asm.obj (.text)
                  00002202    00000002     --HOLE-- [fill = 0]
                  00002204    00000044                                   : autoinit.c.obj (.text:__TI_auto_init_nobinit_nopinit:__TI_auto_init_nobinit_nopinit)
                  00002248    00000038                                   : fs_tod_t2.asm.obj (.text)
                  00002280    00000034                                   : boot_cortex_m.c.obj (.text:_c_int00_noargs:_c_int00_noargs)
                  000022b4    0000002e                                   : i_tofd_t2.asm.obj (.text)
                  000022e2    00000020                                   : u_tofd_t2.asm.obj (.text)
                  00002302    0000001c                                   : copy_zero_init.c.obj (.text:decompress:ZI:__TI_zero_init_nomemset:__TI_zero_init_nomemset)
                  0000231e    0000001a                                   : s_copysign.c.obj (.text:copysign)
                  00002338    00000018                                   : strcmp.c.obj (.text:strcmp)
                  00002350    0000000e                                   : copy_decompress_none.c.obj (.text:decompress:none:__TI_decompress_none)
                  0000235e    0000000e     startup_msp432p401r_ccs.obj (.text)
                  0000236c    00000008     rtsv7M4_T_le_v4SPD16_eabi.lib : errno.c.obj (.text:__aeabi_errno_addr)
                  00002374    00000004                                   : pre_init.c.obj (.text:_system_pre_init)
                  00002378    00000004                                   : exit.c.obj (.text:abort:abort)

.const     0    00002380    00000078     
                  00002380    00000030     rtsv7M4_T_le_v4SPD16_eabi.lib : e_pow.c.obj (.const:$O1$$)
                  000023b0    0000000c     delay.obj (.const:$P$T10$5)
                  000023bc    0000000c     delay.obj (.const:$P$T11$6)
                  000023c8    0000000c     delay.obj (.const:$P$T6$1)
                  000023d4    0000000c     delay.obj (.const:$P$T7$2)
                  000023e0    0000000c     delay.obj (.const:$P$T8$3)
                  000023ec    0000000c     delay.obj (.const:$P$T9$4)

.cinit     0    000023f8    00000030     
                  000023f8    0000000c     (__TI_handler_table)
                  00002404    0000000b     (.cinit..data.load) [load image, compression = lzss]
                  0000240f    00000001     --HOLE-- [fill = 0]
                  00002410    00000008     (.cinit..bss.load) [load image, compression = zero_init]
                  00002418    00000010     (__TI_cinit_table)

.init_array 
*          0    00000000    00000000     UNINITIALIZED

.binit     0    00000000    00000000     

.bss       0    20000000    00000011     UNINITIALIZED
                  20000000    00000008     (.common:di)
                  20000008    00000002     (.common:falling_edge_counter)
                  2000000a    00000002     (.common:got_value)
                  2000000c    00000002     (.common:overflows)
                  2000000e    00000002     (.common:rising_edge_counter)
                  20000010    00000001     (.common:bt)

.data      0    20000014    00000008     UNINITIALIZED
                  20000014    00000004     rtsv7M4_T_le_v4SPD16_eabi.lib : errno.c.obj (.data)
                  20000018    00000004     system_msp432p401r.obj (.data)

.stack     0    2000fe00    00000200     UNINITIALIZED
                  2000fe00    00000004     rtsv7M4_T_le_v4SPD16_eabi.lib : boot_cortex_m.c.obj (.stack)
                  2000fe04    000001fc     --HOLE--

MODULE SUMMARY

       Module                        code   ro data   rw data
       ------                        ----   -------   -------
    ./
       UltraSonicSensor.obj          1196   0         16     
       delay.obj                     788    72        0      
       system_msp432p401r.obj        820    0         8      
       main.obj                      404    0         16     
       Stepper.obj                   268    0         0      
       startup_msp432p401r_ccs.obj   14     228       0      
       bluetooth.obj                 176    0         2      
    +--+-----------------------------+------+---------+---------+
       Total:                        3666   300       42     
                                                             
    /opt/ccstudio/ccs/tools/compiler/ti-cgt-arm_18.12.2.LTS/lib/rtsv7M4_T_le_v4SPD16_eabi.lib
       e_pow.c.obj                   2496   48        0      
       fd_add_t2.asm.obj             438    0         0      
       e_sqrt.c.obj                  344    0         0      
       fd_div_t2.asm.obj             310    0         0      
       s_scalbn.c.obj                272    0         0      
       fd_cmp_t2.asm.obj             268    0         0      
       fd_mul_t2.asm.obj             252    0         0      
       memcpy_t2.asm.obj             156    0         0      
       fd_tos_t2.asm.obj             110    0         0      
       copy_decompress_lzss.c.obj    104    0         0      
       fd_toi_t2.asm.obj             72     0         0      
       autoinit.c.obj                68     0         0      
       fs_tod_t2.asm.obj             56     0         0      
       boot_cortex_m.c.obj           52     0         0      
       i_tofd_t2.asm.obj             46     0         0      
       u_tofd_t2.asm.obj             32     0         0      
       copy_zero_init.c.obj          28     0         0      
       s_copysign.c.obj              26     0         0      
       strcmp.c.obj                  24     0         0      
       errno.c.obj                   8      0         8      
       copy_decompress_none.c.obj    14     0         0      
       exit.c.obj                    4      0         0      
       pre_init.c.obj                4      0         0      
    +--+-----------------------------+------+---------+---------+
       Total:                        5184   48        8      
                                                             
       Stack:                        0      0         1024   
       Linker Generated:             0      47        0      
    +--+-----------------------------+------+---------+---------+
       Grand Total:                  8850   395       1074   


LINKER GENERATED COPY TABLES

__TI_cinit_table @ 00002418 records: 2, size/record: 8, table size: 16
	.data: load addr=00002404, load size=0000000b bytes, run addr=20000014, run size=00000008 bytes, compression=lzss
	.bss: load addr=00002410, load size=00000008 bytes, run addr=20000000, run size=00000011 bytes, compression=zero_init


LINKER GENERATED HANDLER TABLE

__TI_handler_table @ 000023f8 records: 3, size/record: 4, table size: 12
	index: 0, handler: __TI_decompress_lzss
	index: 1, handler: __TI_decompress_none
	index: 2, handler: __TI_zero_init


GLOBAL SYMBOLS: SORTED ALPHABETICALLY BY Name 

address   name                          
-------   ----                          
0000236b  ADC14_IRQHandler              
0000236b  AES256_IRQHandler             
0000236b  BusFault_Handler              
00002379  C$$EXIT                       
0000236b  COMP_E0_IRQHandler            
0000236b  COMP_E1_IRQHandler            
0000236b  CS_IRQHandler                 
0000236b  DMA_ERR_IRQHandler            
0000236b  DMA_INT0_IRQHandler           
0000236b  DMA_INT1_IRQHandler           
0000236b  DMA_INT2_IRQHandler           
0000236b  DMA_INT3_IRQHandler           
0000236b  DebugMon_Handler              
0000236b  Default_Handler               
00001e8d  EUSCIA0_IRQHandler            
00001e8d  EUSCIA0_IRQHandler            
0000236b  EUSCIA1_IRQHandler            
0000236b  EUSCIA2_IRQHandler            
0000236b  EUSCIA3_IRQHandler            
0000236b  EUSCIB0_IRQHandler            
0000236b  EUSCIB1_IRQHandler            
0000236b  EUSCIB2_IRQHandler            
0000236b  EUSCIB3_IRQHandler            
0000236b  FLCTL_IRQHandler              
0000236b  FPU_IRQHandler                
0000236b  HardFault_Handler             
0000236b  MemManage_Handler             
0000236b  NMI_Handler                   
0000236b  PCM_IRQHandler                
0000236b  PORT1_IRQHandler              
0000236b  PORT2_IRQHandler              
0000236b  PORT3_IRQHandler              
0000236b  PORT4_IRQHandler              
0000236b  PORT5_IRQHandler              
0000236b  PORT6_IRQHandler              
0000236b  PSS_IRQHandler                
0000236b  PendSV_Handler                
0000236b  RTC_C_IRQHandler              
0000235f  Reset_Handler                 
0000236b  SVC_Handler                   
0000236b  SysTick_Handler               
20000018  SystemCoreClock               
00000f51  SystemCoreClockUpdate         
000011c9  SystemInit                    
0000236b  T32_INT1_IRQHandler           
0000236b  T32_INT2_IRQHandler           
0000236b  T32_INTC_IRQHandler           
00000e8f  TA0_0_IRQHandler              
00000e8f  TA0_0_IRQHandler              
00000e3d  TA0_N_IRQHandler              
00000e3d  TA0_N_IRQHandler              
0000236b  TA1_0_IRQHandler              
0000236b  TA1_N_IRQHandler              
0000236b  TA2_0_IRQHandler              
0000236b  TA2_N_IRQHandler              
0000236b  TA3_0_IRQHandler              
0000236b  TA3_N_IRQHandler              
0000236b  UsageFault_Handler            
4000480c  WDTCTL_SYM                    
0000236b  WDT_A_IRQHandler              
20010000  __STACK_END                   
00000200  __STACK_SIZE                  
00002418  __TI_CINIT_Base               
00002428  __TI_CINIT_Limit              
000023f8  __TI_Handler_Table_Base       
00002404  __TI_Handler_Table_Limit      
00002205  __TI_auto_init_nobinit_nopinit
00002153  __TI_decompress_lzss          
00002351  __TI_decompress_none          
ffffffff  __TI_pprof_out_hndl           
ffffffff  __TI_prof_data_size           
ffffffff  __TI_prof_data_start          
00000000  __TI_static_base__            
00002303  __TI_zero_init_nomemset       
00001fd9  __aeabi_cdcmpeq               
00001fd9  __aeabi_cdcmple               
0000205f  __aeabi_cdrcmple              
000020e5  __aeabi_d2f                   
000021bb  __aeabi_d2iz                  
000015a3  __aeabi_dadd                  
00001a3d  __aeabi_ddiv                  
00001d91  __aeabi_dmul                  
00001599  __aeabi_dsub                  
0000236d  __aeabi_errno_addr            
00002249  __aeabi_f2d                   
000022b5  __aeabi_i2d                   
00001f3d  __aeabi_memcpy                
00001f3d  __aeabi_memcpy4               
00001f3d  __aeabi_memcpy8               
000022e3  __aeabi_ui2d                  
ffffffff  __binit__                     
ffffffff  __c_args__                    
UNDEFED   __mpu_init                    
2000fe00  __stack                       
00002281  _c_int00_noargs               
00001751  _do                           
UNDEFED   _system_post_cinit            
00002375  _system_pre_init              
00002379  abort                         
ffffffff  binit                         
20000010  bt                            
0000231f  copysign                      
0000231f  copysignl                     
000014cd  delay_us                      
20000000  di                            
00000ebb  disable_ISR_TIMERA            
00000e99  enable_ISR_TIMERA             
20000014  errno                         
20000008  falling_edge_counter          
00000bb9  get_distance_cm               
00000cab  get_distance_cm_max           
00000d81  get_max                       
000017a7  get_revolutions               
00000b65  get_time_high                 
2000000a  got_value                     
00001eb1  init_BT                       
00000aa5  init_ECHO                     
00001caf  init_Stepper                  
00000dfd  init_TA0                      
00000acf  init_TRIGGER                  
00000af9  init_UltraSonicSensor         
00000000  interruptVectors              
00001b75  ldexp                         
00001b75  ldexpl                        
00000c37  linearSort                    
000017e3  main                          
00001f3d  memcpy                        
2000000c  overflows                     
000000e5  pow                           
000000e5  powl                          
00000eed  reset_TimerA                  
00001447  ret_freq_prop                 
2000000e  rising_edge_counter           
00001d21  rotate                        
00001b75  scalbn                        
00001b75  scalbnl                       
00000b47  send_trigger                  
000012c3  set_DCO                       
00001285  set_clk                       
00001c85  set_direction                 
000018e5  sqrt                          
000018e5  sqrtl                         
00001cdd  step                          
00002339  strcmp                        
00000c17  swap                          


GLOBAL SYMBOLS: SORTED BY Symbol Address 

address   name                          
-------   ----                          
00000000  __TI_static_base__            
00000000  interruptVectors              
000000e5  pow                           
000000e5  powl                          
00000200  __STACK_SIZE                  
00000aa5  init_ECHO                     
00000acf  init_TRIGGER                  
00000af9  init_UltraSonicSensor         
00000b47  send_trigger                  
00000b65  get_time_high                 
00000bb9  get_distance_cm               
00000c17  swap                          
00000c37  linearSort                    
00000cab  get_distance_cm_max           
00000d81  get_max                       
00000dfd  init_TA0                      
00000e3d  TA0_N_IRQHandler              
00000e3d  TA0_N_IRQHandler              
00000e8f  TA0_0_IRQHandler              
00000e8f  TA0_0_IRQHandler              
00000e99  enable_ISR_TIMERA             
00000ebb  disable_ISR_TIMERA            
00000eed  reset_TimerA                  
00000f51  SystemCoreClockUpdate         
000011c9  SystemInit                    
00001285  set_clk                       
000012c3  set_DCO                       
00001447  ret_freq_prop                 
000014cd  delay_us                      
00001599  __aeabi_dsub                  
000015a3  __aeabi_dadd                  
00001751  _do                           
000017a7  get_revolutions               
000017e3  main                          
000018e5  sqrt                          
000018e5  sqrtl                         
00001a3d  __aeabi_ddiv                  
00001b75  ldexp                         
00001b75  ldexpl                        
00001b75  scalbn                        
00001b75  scalbnl                       
00001c85  set_direction                 
00001caf  init_Stepper                  
00001cdd  step                          
00001d21  rotate                        
00001d91  __aeabi_dmul                  
00001e8d  EUSCIA0_IRQHandler            
00001e8d  EUSCIA0_IRQHandler            
00001eb1  init_BT                       
00001f3d  __aeabi_memcpy                
00001f3d  __aeabi_memcpy4               
00001f3d  __aeabi_memcpy8               
00001f3d  memcpy                        
00001fd9  __aeabi_cdcmpeq               
00001fd9  __aeabi_cdcmple               
0000205f  __aeabi_cdrcmple              
000020e5  __aeabi_d2f                   
00002153  __TI_decompress_lzss          
000021bb  __aeabi_d2iz                  
00002205  __TI_auto_init_nobinit_nopinit
00002249  __aeabi_f2d                   
00002281  _c_int00_noargs               
000022b5  __aeabi_i2d                   
000022e3  __aeabi_ui2d                  
00002303  __TI_zero_init_nomemset       
0000231f  copysign                      
0000231f  copysignl                     
00002339  strcmp                        
00002351  __TI_decompress_none          
0000235f  Reset_Handler                 
0000236b  ADC14_IRQHandler              
0000236b  AES256_IRQHandler             
0000236b  BusFault_Handler              
0000236b  COMP_E0_IRQHandler            
0000236b  COMP_E1_IRQHandler            
0000236b  CS_IRQHandler                 
0000236b  DMA_ERR_IRQHandler            
0000236b  DMA_INT0_IRQHandler           
0000236b  DMA_INT1_IRQHandler           
0000236b  DMA_INT2_IRQHandler           
0000236b  DMA_INT3_IRQHandler           
0000236b  DebugMon_Handler              
0000236b  Default_Handler               
0000236b  EUSCIA1_IRQHandler            
0000236b  EUSCIA2_IRQHandler            
0000236b  EUSCIA3_IRQHandler            
0000236b  EUSCIB0_IRQHandler            
0000236b  EUSCIB1_IRQHandler            
0000236b  EUSCIB2_IRQHandler            
0000236b  EUSCIB3_IRQHandler            
0000236b  FLCTL_IRQHandler              
0000236b  FPU_IRQHandler                
0000236b  HardFault_Handler             
0000236b  MemManage_Handler             
0000236b  NMI_Handler                   
0000236b  PCM_IRQHandler                
0000236b  PORT1_IRQHandler              
0000236b  PORT2_IRQHandler              
0000236b  PORT3_IRQHandler              
0000236b  PORT4_IRQHandler              
0000236b  PORT5_IRQHandler              
0000236b  PORT6_IRQHandler              
0000236b  PSS_IRQHandler                
0000236b  PendSV_Handler                
0000236b  RTC_C_IRQHandler              
0000236b  SVC_Handler                   
0000236b  SysTick_Handler               
0000236b  T32_INT1_IRQHandler           
0000236b  T32_INT2_IRQHandler           
0000236b  T32_INTC_IRQHandler           
0000236b  TA1_0_IRQHandler              
0000236b  TA1_N_IRQHandler              
0000236b  TA2_0_IRQHandler              
0000236b  TA2_N_IRQHandler              
0000236b  TA3_0_IRQHandler              
0000236b  TA3_N_IRQHandler              
0000236b  UsageFault_Handler            
0000236b  WDT_A_IRQHandler              
0000236d  __aeabi_errno_addr            
00002375  _system_pre_init              
00002379  C$$EXIT                       
00002379  abort                         
000023f8  __TI_Handler_Table_Base       
00002404  __TI_Handler_Table_Limit      
00002418  __TI_CINIT_Base               
00002428  __TI_CINIT_Limit              
20000000  di                            
20000008  falling_edge_counter          
2000000a  got_value                     
2000000c  overflows                     
2000000e  rising_edge_counter           
20000010  bt                            
20000014  errno                         
20000018  SystemCoreClock               
2000fe00  __stack                       
20010000  __STACK_END                   
4000480c  WDTCTL_SYM                    
ffffffff  __TI_pprof_out_hndl           
ffffffff  __TI_prof_data_size           
ffffffff  __TI_prof_data_start          
ffffffff  __binit__                     
ffffffff  __c_args__                    
ffffffff  binit                         
UNDEFED   __mpu_init                    
UNDEFED   _system_post_cinit            

[145 symbols]
